Turbo Assembler	 Version 3.1	    10/24/21 00:17:10	    Page 1
lw1.asm



      1	0000			     .model small
      2
      3	0000			     .stack
      4
      5	0000			     .data
      6	0000  38		     num db 56
      7	0001  FEA2		     numtwo dw -350
      8	0003  FFF906E6		     fort dd -456986
      9
     10	0007			     .code
     11	0000			     start:
     12	0000  BB 0345			     mov bx, 345h
     13	0003  8B CB			     mov cx, bx
     14	0005  8B EB			     mov bp, bx
     15	0007  86 06 0000r		     xchg al, num
     16	000B  87 3E 0001r		     xchg di, numtwo
     17	000F  FF 36 0005r FF 36	  +	     push fort
     18	      0003r
     19	0017  FF 36 0007r FF 36	  +	     push fort+2
     20	      0005r
     21	001F  8F 06 0003r 8F 06	  +	     pop fort
     22	      0005r
     23	0027  8F 06 0005r 8F 06	  +	     pop fort+2
     24	      0007r
     25	002F  86 C5			     xchg al, ch
     26	0031  B8 4C00			     mov ax, 4c00h
     27	0034  CD 21			     int 21h
     28				     end start
Turbo Assembler	 Version 3.1	    10/24/21 00:17:10	    Page 2
Symbol Table




Symbol Name			  Type	 Value

??DATE				  Text	 "10/24/21"
??FILENAME			  Text	 "lw1	  "
??TIME				  Text	 "00:17:10"
??VERSION			  Number 030A
@32BIT				  Text	 0
@CODE				  Text	 _TEXT
@CODESIZE			  Text	 0
@CPU				  Text	 0101H
@CURSEG				  Text	 _TEXT
@DATA				  Text	 DGROUP
@DATASIZE			  Text	 0
@FILENAME			  Text	 LW1
@INTERFACE			  Text	 00H
@MODEL				  Text	 2
@STACK				  Text	 DGROUP
@WORDSIZE			  Text	 2
FORT				  Dword	 DGROUP:0003
NUM				  Byte	 DGROUP:0000
NUMTWO				  Word	 DGROUP:0001
START				  Near	 _TEXT:0000

Groups & Segments		  Bit Size Align  Combine Class

DGROUP				  Group
  STACK				  16  0400 Para	  Stack	  STACK
  _DATA				  16  0007 Word	  Public  DATA
_TEXT				  16  0036 Word	  Public  CODE
